// Jest Snapshot v1, https://goo.gl/fbAQLP

exports[`Calendar renders correctly 1`] = `
Array [
  <div>
    2:56:20 PM
  </div>,
  <div
    className="calendar"
  >
    <a
      download="generatedBy_react-csv.csv"
      href="data:text/csv;charset=utf-8,﻿\\"subject\\",\\"startdate\\",\\"starttime\\",\\"enddate\\",\\"endtime\\",\\"location\\",\\"description\\""
      onClick={[Function]}
      target="_self"
    >
      Export all events
    </a>
    <div
      className="calendar__nav"
    >
      <button
        className="prev"
        onClick={[Function]}
        value="prev"
      >
        &lt;
      </button>
      <h2>
        Mar
         
        2019
      </h2>
      <button
        className="next"
        onClick={[Function]}
        value="next"
      >
        &gt;
      </button>
    </div>
    <div
      className="calendar__col"
    >
      month: 
      Mar
       year: 
      2019
       last date: 
      31
       first day: 
      Fri
    </div>
    <div
      className="calendar__header"
    >
      <div
        className="calendar__col"
      >
        Sunday
      </div>
      <div
        className="calendar__col"
      >
        Monday
      </div>
      <div
        className="calendar__col"
      >
        Tuesday
      </div>
      <div
        className="calendar__col"
      >
        Wednesday
      </div>
      <div
        className="calendar__col"
      >
        Thursday
      </div>
      <div
        className="calendar__col"
      >
        Friday
      </div>
      <div
        className="calendar__col"
      >
        Saturday
      </div>
    </div>
    <div
      className="calendar__body"
    >
      <div
        className="calendar__row"
      >
        <div
          className="calendar__col calendar__past calendar--disabled"
        >
          24
          <div
            className="event"
          >
            Return this event lor.
          </div>
        </div>
        <div
          className="calendar__col calendar__past calendar--disabled"
        >
          25
          <div
            className="event"
          >
            Return this event lor.
          </div>
        </div>
        <div
          className="calendar__col calendar__past calendar--disabled"
        >
          26
          <div
            className="event"
          >
            Return this event lor.
          </div>
        </div>
        <div
          className="calendar__col calendar__past calendar--disabled"
        >
          27
          <div
            className="event"
          >
            Return this event lor.
          </div>
        </div>
        <div
          className="calendar__col calendar__past calendar--disabled"
        >
          28
          <div
            className="event"
          >
            Return this event lor.
          </div>
        </div>
        <div
          className="calendar__col"
        >
          1
          <div
            className="event"
          >
            Return this event lor.
          </div>
        </div>
        <div
          className="calendar__col"
        >
          2
          <div
            className="event"
          >
            Return this event lor.
          </div>
        </div>
      </div>
      <div
        className="calendar__row"
      >
        <div
          className="calendar__col"
        >
          3
          <div
            className="event"
          >
            Return this event lor.
          </div>
        </div>
        <div
          className="calendar__col"
        >
          4
          <div
            className="event"
          >
            Return this event lor.
          </div>
        </div>
        <div
          className="calendar__col"
        >
          5
          <div
            className="event"
          >
            Return this event lor.
          </div>
        </div>
        <div
          className="calendar__col"
        >
          6
          <div
            className="event"
          >
            Return this event lor.
          </div>
        </div>
        <div
          className="calendar__col"
        >
          7
          <div
            className="event"
          >
            Return this event lor.
          </div>
        </div>
        <div
          className="calendar__col"
        >
          8
          <div
            className="event"
          >
            Return this event lor.
          </div>
        </div>
        <div
          className="calendar__col"
        >
          9
          <div
            className="event"
          >
            Return this event lor.
          </div>
        </div>
      </div>
      <div
        className="calendar__row"
      >
        <div
          className="calendar__col"
        >
          10
          <div
            className="event"
          >
            Return this event lor.
          </div>
        </div>
        <div
          className="calendar__col"
        >
          11
          <div
            className="event"
          >
            Return this event lor.
          </div>
        </div>
        <div
          className="calendar__col"
        >
          12
          <div
            className="event"
          >
            Return this event lor.
          </div>
        </div>
        <div
          className="calendar__col"
        >
          13
          <div
            className="event"
          >
            Return this event lor.
          </div>
        </div>
        <div
          className="calendar__col"
        >
          14
          <div
            className="event"
          >
            Return this event lor.
          </div>
        </div>
        <div
          className="calendar__col"
        >
          15
          <div
            className="event"
          >
            Return this event lor.
          </div>
        </div>
        <div
          className="calendar__col"
        >
          16
          <div
            className="event"
          >
            Return this event lor.
          </div>
        </div>
      </div>
      <div
        className="calendar__row"
      >
        <div
          className="calendar__col"
        >
          17
          <div
            className="event"
          >
            Return this event lor.
          </div>
        </div>
        <div
          className="calendar__col"
        >
          18
          <div
            className="event"
          >
            Return this event lor.
          </div>
        </div>
        <div
          className="calendar__col"
        >
          19
          <div
            className="event"
          >
            Return this event lor.
          </div>
        </div>
        <div
          className="calendar__col"
        >
          20
          <div
            className="event"
          >
            Return this event lor.
          </div>
        </div>
        <div
          className="calendar__col"
        >
          21
          <div
            className="event"
          >
            Return this event lor.
          </div>
        </div>
        <div
          className="calendar__col"
        >
          22
          <div
            className="event"
          >
            Return this event lor.
          </div>
        </div>
        <div
          className="calendar__col"
        >
          23
          <div
            className="event"
          >
            Return this event lor.
          </div>
        </div>
      </div>
      <div
        className="calendar__row"
      >
        <div
          className="calendar__col"
        >
          24
          <div
            className="event"
          >
            Return this event lor.
          </div>
        </div>
        <div
          className="calendar__col"
        >
          25
          <div
            className="event"
          >
            Return this event lor.
          </div>
        </div>
        <div
          className="calendar__col"
        >
          26
          <div
            className="event"
          >
            Return this event lor.
          </div>
        </div>
        <div
          className="calendar__col"
        >
          27
          <div
            className="event"
          >
            Return this event lor.
          </div>
        </div>
        <div
          className="calendar__col"
        >
          28
          <div
            className="event"
          >
            Return this event lor.
          </div>
        </div>
        <div
          className="calendar__col"
        >
          29
          <div
            className="event"
          >
            Return this event lor.
          </div>
        </div>
        <div
          className="calendar__col"
        >
          30
          <div
            className="event"
          >
            Return this event lor.
          </div>
        </div>
      </div>
      <div
        className="calendar__row"
      >
        <div
          className="calendar__col"
        >
          31
          <div
            className="event"
          >
            Return this event lor.
          </div>
        </div>
        <div
          className="calendar__col calendar__next calendar--disabled"
        >
          1
          <div
            className="event"
          >
            Return this event lor.
          </div>
        </div>
        <div
          className="calendar__col calendar__next calendar--disabled"
        >
          2
          <div
            className="event"
          >
            Return this event lor.
          </div>
        </div>
        <div
          className="calendar__col calendar__next calendar--disabled"
        >
          3
          <div
            className="event"
          >
            Return this event lor.
          </div>
        </div>
        <div
          className="calendar__col calendar__next calendar--disabled"
        >
          4
          <div
            className="event"
          >
            Return this event lor.
          </div>
        </div>
        <div
          className="calendar__col calendar__next calendar--disabled"
        >
          5
          <div
            className="event"
          >
            Return this event lor.
          </div>
        </div>
        <div
          className="calendar__col calendar__next calendar--disabled"
        >
          6
          <div
            className="event"
          >
            Return this event lor.
          </div>
        </div>
      </div>
    </div>
  </div>,
]
`;
