// Jest Snapshot v1, https://goo.gl/fbAQLP

exports[`Days renders correctly 1`] = `
Array [
  <div
    className="calendar__col"
  >
    month: 
    Apr
     year: 
    2019
     last date: 
    30
     first day: 
    Mon
  </div>,
  <div
    className="calendar__header"
  >
    <div
      className="calendar__col"
    >
      Sunday
    </div>
    <div
      className="calendar__col"
    >
      Monday
    </div>
    <div
      className="calendar__col"
    >
      Tuesday
    </div>
    <div
      className="calendar__col"
    >
      Wednesday
    </div>
    <div
      className="calendar__col"
    >
      Thursday
    </div>
    <div
      className="calendar__col"
    >
      Friday
    </div>
    <div
      className="calendar__col"
    >
      Saturday
    </div>
  </div>,
  <div
    className="calendar__body"
  >
    <div
      className="calendar__row"
    >
      <div
        className="calendar__col calendar__past calendar--disabled"
      >
        31
        <div
          className="event"
        >
          Return this event lor.
        </div>
      </div>
      <div
        className="calendar__col"
      >
        1
        <div
          className="event"
        >
          Return this event lor.
        </div>
      </div>
      <div
        className="calendar__col"
      >
        2
        <div
          className="event"
        >
          Return this event lor.
        </div>
      </div>
      <div
        className="calendar__col"
      >
        3
        <div
          className="event"
        >
          Return this event lor.
        </div>
      </div>
      <div
        className="calendar__col"
      >
        4
        <div
          className="event"
        >
          Return this event lor.
        </div>
      </div>
      <div
        className="calendar__col"
      >
        5
        <div
          className="event"
        >
          Return this event lor.
        </div>
      </div>
      <div
        className="calendar__col"
      >
        6
        <div
          className="event"
        >
          Return this event lor.
        </div>
      </div>
    </div>
    <div
      className="calendar__row"
    >
      <div
        className="calendar__col"
      >
        7
        <div
          className="event"
        >
          Return this event lor.
        </div>
      </div>
      <div
        className="calendar__col"
      >
        8
        <div
          className="event"
        >
          Return this event lor.
        </div>
      </div>
      <div
        className="calendar__col"
      >
        9
        <div
          className="event"
        >
          Return this event lor.
        </div>
      </div>
      <div
        className="calendar__col"
      >
        10
        <div
          className="event"
        >
          Return this event lor.
        </div>
      </div>
      <div
        className="calendar__col"
      >
        11
        <div
          className="event"
        >
          Return this event lor.
        </div>
      </div>
      <div
        className="calendar__col"
      >
        12
        <div
          className="event"
        >
          Return this event lor.
        </div>
      </div>
      <div
        className="calendar__col"
      >
        13
        <div
          className="event"
        >
          Return this event lor.
        </div>
      </div>
    </div>
    <div
      className="calendar__row"
    >
      <div
        className="calendar__col"
      >
        14
        <div
          className="event"
        >
          Return this event lor.
        </div>
      </div>
      <div
        className="calendar__col"
      >
        15
        <div
          className="event"
        >
          Return this event lor.
        </div>
      </div>
      <div
        className="calendar__col"
      >
        16
        <div
          className="event"
        >
          Return this event lor.
        </div>
      </div>
      <div
        className="calendar__col"
      >
        17
        <div
          className="event"
        >
          Return this event lor.
        </div>
      </div>
      <div
        className="calendar__col"
      >
        18
        <div
          className="event"
        >
          Return this event lor.
        </div>
      </div>
      <div
        className="calendar__col"
      >
        19
        <div
          className="event"
        >
          Return this event lor.
        </div>
      </div>
      <div
        className="calendar__col"
      >
        20
        <div
          className="event"
        >
          Return this event lor.
        </div>
      </div>
    </div>
    <div
      className="calendar__row"
    >
      <div
        className="calendar__col"
      >
        21
        <div
          className="event"
        >
          Return this event lor.
        </div>
      </div>
      <div
        className="calendar__col"
      >
        22
        <div
          className="event"
        >
          Return this event lor.
        </div>
      </div>
      <div
        className="calendar__col"
      >
        23
        <div
          className="event"
        >
          Return this event lor.
        </div>
      </div>
      <div
        className="calendar__col"
      >
        24
        <div
          className="event"
        >
          Return this event lor.
        </div>
      </div>
      <div
        className="calendar__col"
      >
        25
        <div
          className="event"
        >
          Return this event lor.
        </div>
      </div>
      <div
        className="calendar__col"
      >
        26
        <div
          className="event"
        >
          Return this event lor.
        </div>
      </div>
      <div
        className="calendar__col"
      >
        27
        <div
          className="event"
        >
          Return this event lor.
        </div>
      </div>
    </div>
    <div
      className="calendar__row"
    >
      <div
        className="calendar__col"
      >
        28
        <div
          className="event"
        >
          Return this event lor.
        </div>
      </div>
      <div
        className="calendar__col"
      >
        29
        <div
          className="event"
        >
          Return this event lor.
        </div>
      </div>
      <div
        className="calendar__col"
      >
        30
        <div
          className="event"
        >
          Return this event lor.
        </div>
      </div>
      <div
        className="calendar__col calendar__next calendar--disabled"
      >
        1
        <div
          className="event"
        >
          Return this event lor.
        </div>
      </div>
      <div
        className="calendar__col calendar__next calendar--disabled"
      >
        2
        <div
          className="event"
        >
          Return this event lor.
        </div>
      </div>
      <div
        className="calendar__col calendar__next calendar--disabled"
      >
        3
        <div
          className="event"
        >
          Return this event lor.
        </div>
      </div>
      <div
        className="calendar__col calendar__next calendar--disabled"
      >
        4
        <div
          className="event"
        >
          Return this event lor.
        </div>
      </div>
    </div>
  </div>,
]
`;
